Analysis & Synthesis report for Processor
Sun Dec 17 00:21:04 2023
Quartus Prime Version 18.1.0 Build 625 09/12/2018 SJ Lite Edition


---------------------
; Table of Contents ;
---------------------
  1. Legal Notice
  2. Analysis & Synthesis Summary
  3. Analysis & Synthesis Settings
  4. Parallel Compilation
  5. Analysis & Synthesis Source Files Read
  6. Analysis & Synthesis Resource Usage Summary
  7. Analysis & Synthesis Resource Utilization by Entity
  8. State Machine - |Processor|cpu:inst|state
  9. User-Specified and Inferred Latches
 10. Registers Removed During Synthesis
 11. Removed Registers Triggering Further Register Optimizations
 12. General Register Statistics
 13. Multiplexer Restructuring Statistics (Restructuring Performed)
 14. Parameter Settings for User Entity Instance: cpu:inst
 15. Parameter Settings for User Entity Instance: stack:stack_operations
 16. Parameter Settings for User Entity Instance: stack:stack_subroutines
 17. Parameter Settings for User Entity Instance: alu:Alu
 18. Post-Synthesis Netlist Statistics for Top Partition
 19. Elapsed Time Per Partition
 20. Analysis & Synthesis Messages
 21. Analysis & Synthesis Suppressed Messages



----------------
; Legal Notice ;
----------------
Copyright (C) 2018  Intel Corporation. All rights reserved.
Your use of Intel Corporation's design tools, logic functions 
and other software and tools, and its AMPP partner logic 
functions, and any output files from any of the foregoing 
(including device programming or simulation files), and any 
associated documentation or information are expressly subject 
to the terms and conditions of the Intel Program License 
Subscription Agreement, the Intel Quartus Prime License Agreement,
the Intel FPGA IP License Agreement, or other applicable license
agreement, including, without limitation, that your use is for
the sole purpose of programming logic devices manufactured by
Intel and sold by Intel or its authorized distributors.  Please
refer to the applicable agreement for further details.



+----------------------------------------------------------------------------------+
; Analysis & Synthesis Summary                                                     ;
+------------------------------------+---------------------------------------------+
; Analysis & Synthesis Status        ; Successful - Sun Dec 17 00:21:04 2023       ;
; Quartus Prime Version              ; 18.1.0 Build 625 09/12/2018 SJ Lite Edition ;
; Revision Name                      ; Processor                                   ;
; Top-level Entity Name              ; Processor                                   ;
; Family                             ; Cyclone IV E                                ;
; Total logic elements               ; 660                                         ;
;     Total combinational functions  ; 471                                         ;
;     Dedicated logic registers      ; 281                                         ;
; Total registers                    ; 281                                         ;
; Total pins                         ; 62                                          ;
; Total virtual pins                 ; 0                                           ;
; Total memory bits                  ; 0                                           ;
; Embedded Multiplier 9-bit elements ; 0                                           ;
; Total PLLs                         ; 0                                           ;
+------------------------------------+---------------------------------------------+


+------------------------------------------------------------------------------------------------------------+
; Analysis & Synthesis Settings                                                                              ;
+------------------------------------------------------------------+--------------------+--------------------+
; Option                                                           ; Setting            ; Default Value      ;
+------------------------------------------------------------------+--------------------+--------------------+
; Device                                                           ; EP4CE115F29C7      ;                    ;
; Top-level entity name                                            ; Processor          ; Processor          ;
; Family name                                                      ; Cyclone IV E       ; Cyclone V          ;
; Use smart compilation                                            ; Off                ; Off                ;
; Enable parallel Assembler and Timing Analyzer during compilation ; On                 ; On                 ;
; Enable compact report table                                      ; Off                ; Off                ;
; Restructure Multiplexers                                         ; Auto               ; Auto               ;
; Create Debugging Nodes for IP Cores                              ; Off                ; Off                ;
; Preserve fewer node names                                        ; On                 ; On                 ;
; Intel FPGA IP Evaluation Mode                                    ; Enable             ; Enable             ;
; Verilog Version                                                  ; Verilog_2001       ; Verilog_2001       ;
; VHDL Version                                                     ; VHDL_1993          ; VHDL_1993          ;
; State Machine Processing                                         ; Auto               ; Auto               ;
; Safe State Machine                                               ; Off                ; Off                ;
; Extract Verilog State Machines                                   ; On                 ; On                 ;
; Extract VHDL State Machines                                      ; On                 ; On                 ;
; Ignore Verilog initial constructs                                ; Off                ; Off                ;
; Iteration limit for constant Verilog loops                       ; 5000               ; 5000               ;
; Iteration limit for non-constant Verilog loops                   ; 250                ; 250                ;
; Add Pass-Through Logic to Inferred RAMs                          ; On                 ; On                 ;
; Infer RAMs from Raw Logic                                        ; On                 ; On                 ;
; Parallel Synthesis                                               ; On                 ; On                 ;
; DSP Block Balancing                                              ; Auto               ; Auto               ;
; NOT Gate Push-Back                                               ; On                 ; On                 ;
; Power-Up Don't Care                                              ; On                 ; On                 ;
; Remove Redundant Logic Cells                                     ; Off                ; Off                ;
; Remove Duplicate Registers                                       ; On                 ; On                 ;
; Ignore CARRY Buffers                                             ; Off                ; Off                ;
; Ignore CASCADE Buffers                                           ; Off                ; Off                ;
; Ignore GLOBAL Buffers                                            ; Off                ; Off                ;
; Ignore ROW GLOBAL Buffers                                        ; Off                ; Off                ;
; Ignore LCELL Buffers                                             ; Off                ; Off                ;
; Ignore SOFT Buffers                                              ; On                 ; On                 ;
; Limit AHDL Integers to 32 Bits                                   ; Off                ; Off                ;
; Optimization Technique                                           ; Balanced           ; Balanced           ;
; Carry Chain Length                                               ; 70                 ; 70                 ;
; Auto Carry Chains                                                ; On                 ; On                 ;
; Auto Open-Drain Pins                                             ; On                 ; On                 ;
; Perform WYSIWYG Primitive Resynthesis                            ; Off                ; Off                ;
; Auto ROM Replacement                                             ; On                 ; On                 ;
; Auto RAM Replacement                                             ; On                 ; On                 ;
; Auto DSP Block Replacement                                       ; On                 ; On                 ;
; Auto Shift Register Replacement                                  ; Auto               ; Auto               ;
; Allow Shift Register Merging across Hierarchies                  ; Auto               ; Auto               ;
; Auto Clock Enable Replacement                                    ; On                 ; On                 ;
; Strict RAM Replacement                                           ; Off                ; Off                ;
; Allow Synchronous Control Signals                                ; On                 ; On                 ;
; Force Use of Synchronous Clear Signals                           ; Off                ; Off                ;
; Auto RAM Block Balancing                                         ; On                 ; On                 ;
; Auto RAM to Logic Cell Conversion                                ; Off                ; Off                ;
; Auto Resource Sharing                                            ; Off                ; Off                ;
; Allow Any RAM Size For Recognition                               ; Off                ; Off                ;
; Allow Any ROM Size For Recognition                               ; Off                ; Off                ;
; Allow Any Shift Register Size For Recognition                    ; Off                ; Off                ;
; Use LogicLock Constraints during Resource Balancing              ; On                 ; On                 ;
; Ignore translate_off and synthesis_off directives                ; Off                ; Off                ;
; Timing-Driven Synthesis                                          ; On                 ; On                 ;
; Report Parameter Settings                                        ; On                 ; On                 ;
; Report Source Assignments                                        ; On                 ; On                 ;
; Report Connectivity Checks                                       ; On                 ; On                 ;
; Ignore Maximum Fan-Out Assignments                               ; Off                ; Off                ;
; Synchronization Register Chain Length                            ; 2                  ; 2                  ;
; Power Optimization During Synthesis                              ; Normal compilation ; Normal compilation ;
; HDL message level                                                ; Level2             ; Level2             ;
; Suppress Register Optimization Related Messages                  ; Off                ; Off                ;
; Number of Removed Registers Reported in Synthesis Report         ; 5000               ; 5000               ;
; Number of Swept Nodes Reported in Synthesis Report               ; 5000               ; 5000               ;
; Number of Inverted Registers Reported in Synthesis Report        ; 100                ; 100                ;
; Clock MUX Protection                                             ; On                 ; On                 ;
; Auto Gated Clock Conversion                                      ; Off                ; Off                ;
; Block Design Naming                                              ; Auto               ; Auto               ;
; SDC constraint protection                                        ; Off                ; Off                ;
; Synthesis Effort                                                 ; Auto               ; Auto               ;
; Shift Register Replacement - Allow Asynchronous Clear Signal     ; On                 ; On                 ;
; Pre-Mapping Resynthesis Optimization                             ; Off                ; Off                ;
; Analysis & Synthesis Message Level                               ; Medium             ; Medium             ;
; Disable Register Merging Across Hierarchies                      ; Auto               ; Auto               ;
; Resource Aware Inference For Block RAM                           ; On                 ; On                 ;
+------------------------------------------------------------------+--------------------+--------------------+


+------------------------------------------+
; Parallel Compilation                     ;
+----------------------------+-------------+
; Processors                 ; Number      ;
+----------------------------+-------------+
; Number detected on machine ; 12          ;
; Maximum allowed            ; 6           ;
;                            ;             ;
; Average used               ; 1.00        ;
; Maximum used               ; 6           ;
;                            ;             ;
; Usage by Processor         ; % Time Used ;
;     Processor 1            ; 100.0%      ;
;     Processor 2            ;   0.0%      ;
;     Processors 3-6         ;   0.0%      ;
+----------------------------+-------------+


+----------------------------------------------------------------------------------------------------------------------------------------------------------------+
; Analysis & Synthesis Source Files Read                                                                                                                         ;
+----------------------------------+-----------------+------------------------------------+------------------------------------------------------------+---------+
; File Name with User-Entered Path ; Used in Netlist ; File Type                          ; File Name with Absolute Path                               ; Library ;
+----------------------------------+-----------------+------------------------------------+------------------------------------------------------------+---------+
; ../stack/stack.v                 ; yes             ; User Verilog HDL File              ; C:/Users/vini9/Processador-PCID/stack/stack.v              ;         ;
; ../alu/alu.v                     ; yes             ; User Verilog HDL File              ; C:/Users/vini9/Processador-PCID/alu/alu.v                  ;         ;
; ../cpu.v                         ; yes             ; User Verilog HDL File              ; C:/Users/vini9/Processador-PCID/cpu.v                      ;         ;
; Processor.bdf                    ; yes             ; User Block Diagram/Schematic File  ; C:/Users/vini9/Processador-PCID/Quartus-pcid/Processor.bdf ;         ;
+----------------------------------+-----------------+------------------------------------+------------------------------------------------------------+---------+


+---------------------------------------------------------+
; Analysis & Synthesis Resource Usage Summary             ;
+---------------------------------------------+-----------+
; Resource                                    ; Usage     ;
+---------------------------------------------+-----------+
; Estimated Total logic elements              ; 660       ;
;                                             ;           ;
; Total combinational functions               ; 471       ;
; Logic element usage by number of LUT inputs ;           ;
;     -- 4 input functions                    ; 268       ;
;     -- 3 input functions                    ; 162       ;
;     -- <=2 input functions                  ; 41        ;
;                                             ;           ;
; Logic elements by mode                      ;           ;
;     -- normal mode                          ; 449       ;
;     -- arithmetic mode                      ; 22        ;
;                                             ;           ;
; Total registers                             ; 281       ;
;     -- Dedicated logic registers            ; 281       ;
;     -- I/O registers                        ; 0         ;
;                                             ;           ;
; I/O pins                                    ; 62        ;
;                                             ;           ;
; Embedded Multiplier 9-bit elements          ; 0         ;
;                                             ;           ;
; Maximum fan-out node                        ; clk~input ;
; Maximum fan-out                             ; 281       ;
; Total fan-out                               ; 2532      ;
; Average fan-out                             ; 2.89      ;
+---------------------------------------------+-----------+


+---------------------------------------------------------------------------------------------------------------------------------------------------------------------------------------------------------------------------+
; Analysis & Synthesis Resource Utilization by Entity                                                                                                                                                                       ;
+------------------------------+---------------------+---------------------------+-------------+--------------+---------+-----------+------+--------------+------------------------------------+-------------+--------------+
; Compilation Hierarchy Node   ; Combinational ALUTs ; Dedicated Logic Registers ; Memory Bits ; DSP Elements ; DSP 9x9 ; DSP 18x18 ; Pins ; Virtual Pins ; Full Hierarchy Name                ; Entity Name ; Library Name ;
+------------------------------+---------------------+---------------------------+-------------+--------------+---------+-----------+------+--------------+------------------------------------+-------------+--------------+
; |Processor                   ; 471 (0)             ; 281 (0)                   ; 0           ; 0            ; 0       ; 0         ; 62   ; 0            ; |Processor                         ; Processor   ; work         ;
;    |cpu:inst|                ; 216 (216)           ; 30 (30)                   ; 0           ; 0            ; 0       ; 0         ; 0    ; 0            ; |Processor|cpu:inst                ; cpu         ; work         ;
;    |stack:stack_operations|  ; 166 (166)           ; 186 (186)                 ; 0           ; 0            ; 0       ; 0         ; 0    ; 0            ; |Processor|stack:stack_operations  ; stack       ; work         ;
;    |stack:stack_subroutines| ; 89 (89)             ; 65 (65)                   ; 0           ; 0            ; 0       ; 0         ; 0    ; 0            ; |Processor|stack:stack_subroutines ; stack       ; work         ;
+------------------------------+---------------------+---------------------------+-------------+--------------+---------+-----------+------+--------------+------------------------------------+-------------+--------------+
Note: For table entries with two numbers listed, the numbers in parentheses indicate the number of resources of the given type used by the specific entity alone. The numbers listed outside of parentheses indicate the total resources of the given type used by the specific entity and all of its sub-entities in the hierarchy.


Encoding Type:  One-Hot
+-------------------------------------------------------------------------------------------------------------------------------------------------------------------------------------------------------------------------------------------------------------------------------------------------------------------------------------------------------------------------------------------------------------------------------------------------------------------------------------------------------------------------------------------------------------------------+
; State Machine - |Processor|cpu:inst|state                                                                                                                                                                                                                                                                                                                                                                                                                                                                                                                               ;
+-------------------------+-------------------------+-------------+-----------------+-----------------------+----------------------+-----------------------+-----------------+-----------------+-----------------+-----------------+-----------------+-----------------+-----------------+-----------------+-----------------+-----------------+------------------+-------------------------+--------------+----------------+----------------------+--------------+-----------------+-----------------+--------------+--------------------+----------------+--------------+
; Name                    ; state.UPDATE_SUBROUTINE ; state.RESET ; state.GET_TEMP1 ; state.UPDATE_PCOUNTER ; state.POP_SUBROUTINE ; state.PUSH_SUBROUTINE ; state.CMP_IF_LE ; state.POP_IF_LE ; state.CMP_IF_GE ; state.POP_IF_GE ; state.CMP_IF_LT ; state.POP_IF_LT ; state.CMP_IF_GT ; state.POP_IF_GT ; state.CMP_IF_EQ ; state.POP_IF_EQ ; state.WRITE_DATA ; state.ENABLE_WRITE_DATA ; state.PUSH_M ; state.GET_DATA ; state.PUSH_OP_RESULT ; state.OP_ALU ; state.POP_TEMP2 ; state.POP_TEMP1 ; state.DECODE ; state.PCOUNTER_INC ; state.GET_INST ; state.000000 ;
+-------------------------+-------------------------+-------------+-----------------+-----------------------+----------------------+-----------------------+-----------------+-----------------+-----------------+-----------------+-----------------+-----------------+-----------------+-----------------+-----------------+-----------------+------------------+-------------------------+--------------+----------------+----------------------+--------------+-----------------+-----------------+--------------+--------------------+----------------+--------------+
; state.000000            ; 0                       ; 0           ; 0               ; 0                     ; 0                    ; 0                     ; 0               ; 0               ; 0               ; 0               ; 0               ; 0               ; 0               ; 0               ; 0               ; 0               ; 0                ; 0                       ; 0            ; 0              ; 0                    ; 0            ; 0               ; 0               ; 0            ; 0                  ; 0              ; 0            ;
; state.GET_INST          ; 0                       ; 0           ; 0               ; 0                     ; 0                    ; 0                     ; 0               ; 0               ; 0               ; 0               ; 0               ; 0               ; 0               ; 0               ; 0               ; 0               ; 0                ; 0                       ; 0            ; 0              ; 0                    ; 0            ; 0               ; 0               ; 0            ; 0                  ; 1              ; 1            ;
; state.PCOUNTER_INC      ; 0                       ; 0           ; 0               ; 0                     ; 0                    ; 0                     ; 0               ; 0               ; 0               ; 0               ; 0               ; 0               ; 0               ; 0               ; 0               ; 0               ; 0                ; 0                       ; 0            ; 0              ; 0                    ; 0            ; 0               ; 0               ; 0            ; 1                  ; 0              ; 1            ;
; state.DECODE            ; 0                       ; 0           ; 0               ; 0                     ; 0                    ; 0                     ; 0               ; 0               ; 0               ; 0               ; 0               ; 0               ; 0               ; 0               ; 0               ; 0               ; 0                ; 0                       ; 0            ; 0              ; 0                    ; 0            ; 0               ; 0               ; 1            ; 0                  ; 0              ; 1            ;
; state.POP_TEMP1         ; 0                       ; 0           ; 0               ; 0                     ; 0                    ; 0                     ; 0               ; 0               ; 0               ; 0               ; 0               ; 0               ; 0               ; 0               ; 0               ; 0               ; 0                ; 0                       ; 0            ; 0              ; 0                    ; 0            ; 0               ; 1               ; 0            ; 0                  ; 0              ; 1            ;
; state.POP_TEMP2         ; 0                       ; 0           ; 0               ; 0                     ; 0                    ; 0                     ; 0               ; 0               ; 0               ; 0               ; 0               ; 0               ; 0               ; 0               ; 0               ; 0               ; 0                ; 0                       ; 0            ; 0              ; 0                    ; 0            ; 1               ; 0               ; 0            ; 0                  ; 0              ; 1            ;
; state.OP_ALU            ; 0                       ; 0           ; 0               ; 0                     ; 0                    ; 0                     ; 0               ; 0               ; 0               ; 0               ; 0               ; 0               ; 0               ; 0               ; 0               ; 0               ; 0                ; 0                       ; 0            ; 0              ; 0                    ; 1            ; 0               ; 0               ; 0            ; 0                  ; 0              ; 1            ;
; state.PUSH_OP_RESULT    ; 0                       ; 0           ; 0               ; 0                     ; 0                    ; 0                     ; 0               ; 0               ; 0               ; 0               ; 0               ; 0               ; 0               ; 0               ; 0               ; 0               ; 0                ; 0                       ; 0            ; 0              ; 1                    ; 0            ; 0               ; 0               ; 0            ; 0                  ; 0              ; 1            ;
; state.GET_DATA          ; 0                       ; 0           ; 0               ; 0                     ; 0                    ; 0                     ; 0               ; 0               ; 0               ; 0               ; 0               ; 0               ; 0               ; 0               ; 0               ; 0               ; 0                ; 0                       ; 0            ; 1              ; 0                    ; 0            ; 0               ; 0               ; 0            ; 0                  ; 0              ; 1            ;
; state.PUSH_M            ; 0                       ; 0           ; 0               ; 0                     ; 0                    ; 0                     ; 0               ; 0               ; 0               ; 0               ; 0               ; 0               ; 0               ; 0               ; 0               ; 0               ; 0                ; 0                       ; 1            ; 0              ; 0                    ; 0            ; 0               ; 0               ; 0            ; 0                  ; 0              ; 1            ;
; state.ENABLE_WRITE_DATA ; 0                       ; 0           ; 0               ; 0                     ; 0                    ; 0                     ; 0               ; 0               ; 0               ; 0               ; 0               ; 0               ; 0               ; 0               ; 0               ; 0               ; 0                ; 1                       ; 0            ; 0              ; 0                    ; 0            ; 0               ; 0               ; 0            ; 0                  ; 0              ; 1            ;
; state.WRITE_DATA        ; 0                       ; 0           ; 0               ; 0                     ; 0                    ; 0                     ; 0               ; 0               ; 0               ; 0               ; 0               ; 0               ; 0               ; 0               ; 0               ; 0               ; 1                ; 0                       ; 0            ; 0              ; 0                    ; 0            ; 0               ; 0               ; 0            ; 0                  ; 0              ; 1            ;
; state.POP_IF_EQ         ; 0                       ; 0           ; 0               ; 0                     ; 0                    ; 0                     ; 0               ; 0               ; 0               ; 0               ; 0               ; 0               ; 0               ; 0               ; 0               ; 1               ; 0                ; 0                       ; 0            ; 0              ; 0                    ; 0            ; 0               ; 0               ; 0            ; 0                  ; 0              ; 1            ;
; state.CMP_IF_EQ         ; 0                       ; 0           ; 0               ; 0                     ; 0                    ; 0                     ; 0               ; 0               ; 0               ; 0               ; 0               ; 0               ; 0               ; 0               ; 1               ; 0               ; 0                ; 0                       ; 0            ; 0              ; 0                    ; 0            ; 0               ; 0               ; 0            ; 0                  ; 0              ; 1            ;
; state.POP_IF_GT         ; 0                       ; 0           ; 0               ; 0                     ; 0                    ; 0                     ; 0               ; 0               ; 0               ; 0               ; 0               ; 0               ; 0               ; 1               ; 0               ; 0               ; 0                ; 0                       ; 0            ; 0              ; 0                    ; 0            ; 0               ; 0               ; 0            ; 0                  ; 0              ; 1            ;
; state.CMP_IF_GT         ; 0                       ; 0           ; 0               ; 0                     ; 0                    ; 0                     ; 0               ; 0               ; 0               ; 0               ; 0               ; 0               ; 1               ; 0               ; 0               ; 0               ; 0                ; 0                       ; 0            ; 0              ; 0                    ; 0            ; 0               ; 0               ; 0            ; 0                  ; 0              ; 1            ;
; state.POP_IF_LT         ; 0                       ; 0           ; 0               ; 0                     ; 0                    ; 0                     ; 0               ; 0               ; 0               ; 0               ; 0               ; 1               ; 0               ; 0               ; 0               ; 0               ; 0                ; 0                       ; 0            ; 0              ; 0                    ; 0            ; 0               ; 0               ; 0            ; 0                  ; 0              ; 1            ;
; state.CMP_IF_LT         ; 0                       ; 0           ; 0               ; 0                     ; 0                    ; 0                     ; 0               ; 0               ; 0               ; 0               ; 1               ; 0               ; 0               ; 0               ; 0               ; 0               ; 0                ; 0                       ; 0            ; 0              ; 0                    ; 0            ; 0               ; 0               ; 0            ; 0                  ; 0              ; 1            ;
; state.POP_IF_GE         ; 0                       ; 0           ; 0               ; 0                     ; 0                    ; 0                     ; 0               ; 0               ; 0               ; 1               ; 0               ; 0               ; 0               ; 0               ; 0               ; 0               ; 0                ; 0                       ; 0            ; 0              ; 0                    ; 0            ; 0               ; 0               ; 0            ; 0                  ; 0              ; 1            ;
; state.CMP_IF_GE         ; 0                       ; 0           ; 0               ; 0                     ; 0                    ; 0                     ; 0               ; 0               ; 1               ; 0               ; 0               ; 0               ; 0               ; 0               ; 0               ; 0               ; 0                ; 0                       ; 0            ; 0              ; 0                    ; 0            ; 0               ; 0               ; 0            ; 0                  ; 0              ; 1            ;
; state.POP_IF_LE         ; 0                       ; 0           ; 0               ; 0                     ; 0                    ; 0                     ; 0               ; 1               ; 0               ; 0               ; 0               ; 0               ; 0               ; 0               ; 0               ; 0               ; 0                ; 0                       ; 0            ; 0              ; 0                    ; 0            ; 0               ; 0               ; 0            ; 0                  ; 0              ; 1            ;
; state.CMP_IF_LE         ; 0                       ; 0           ; 0               ; 0                     ; 0                    ; 0                     ; 1               ; 0               ; 0               ; 0               ; 0               ; 0               ; 0               ; 0               ; 0               ; 0               ; 0                ; 0                       ; 0            ; 0              ; 0                    ; 0            ; 0               ; 0               ; 0            ; 0                  ; 0              ; 1            ;
; state.PUSH_SUBROUTINE   ; 0                       ; 0           ; 0               ; 0                     ; 0                    ; 1                     ; 0               ; 0               ; 0               ; 0               ; 0               ; 0               ; 0               ; 0               ; 0               ; 0               ; 0                ; 0                       ; 0            ; 0              ; 0                    ; 0            ; 0               ; 0               ; 0            ; 0                  ; 0              ; 1            ;
; state.POP_SUBROUTINE    ; 0                       ; 0           ; 0               ; 0                     ; 1                    ; 0                     ; 0               ; 0               ; 0               ; 0               ; 0               ; 0               ; 0               ; 0               ; 0               ; 0               ; 0                ; 0                       ; 0            ; 0              ; 0                    ; 0            ; 0               ; 0               ; 0            ; 0                  ; 0              ; 1            ;
; state.UPDATE_PCOUNTER   ; 0                       ; 0           ; 0               ; 1                     ; 0                    ; 0                     ; 0               ; 0               ; 0               ; 0               ; 0               ; 0               ; 0               ; 0               ; 0               ; 0               ; 0                ; 0                       ; 0            ; 0              ; 0                    ; 0            ; 0               ; 0               ; 0            ; 0                  ; 0              ; 1            ;
; state.GET_TEMP1         ; 0                       ; 0           ; 1               ; 0                     ; 0                    ; 0                     ; 0               ; 0               ; 0               ; 0               ; 0               ; 0               ; 0               ; 0               ; 0               ; 0               ; 0                ; 0                       ; 0            ; 0              ; 0                    ; 0            ; 0               ; 0               ; 0            ; 0                  ; 0              ; 1            ;
; state.RESET             ; 0                       ; 1           ; 0               ; 0                     ; 0                    ; 0                     ; 0               ; 0               ; 0               ; 0               ; 0               ; 0               ; 0               ; 0               ; 0               ; 0               ; 0                ; 0                       ; 0            ; 0              ; 0                    ; 0            ; 0               ; 0               ; 0            ; 0                  ; 0              ; 1            ;
; state.UPDATE_SUBROUTINE ; 1                       ; 0           ; 0               ; 0                     ; 0                    ; 0                     ; 0               ; 0               ; 0               ; 0               ; 0               ; 0               ; 0               ; 0               ; 0               ; 0               ; 0                ; 0                       ; 0            ; 0              ; 0                    ; 0            ; 0               ; 0               ; 0            ; 0                  ; 0              ; 1            ;
+-------------------------+-------------------------+-------------+-----------------+-----------------------+----------------------+-----------------------+-----------------+-----------------+-----------------+-----------------+-----------------+-----------------+-----------------+-----------------+-----------------+-----------------+------------------+-------------------------+--------------+----------------+----------------------+--------------+-----------------+-----------------+--------------+--------------------+----------------+--------------+


+----------------------------------------------------------------------------------------------------------------+
; User-Specified and Inferred Latches                                                                            ;
+-----------------------------------------------------+---------------------------------+------------------------+
; Latch Name                                          ; Latch Enable Signal             ; Free of Timing Hazards ;
+-----------------------------------------------------+---------------------------------+------------------------+
; cpu:inst|write_data_enable                          ; cpu:inst|WideOr22               ; yes                    ;
; cpu:inst|address_memory_data[4]                     ; cpu:inst|address_memory_data[4] ; yes                    ;
; cpu:inst|address_memory_data[3]                     ; cpu:inst|address_memory_data[4] ; yes                    ;
; cpu:inst|address_memory_data[2]                     ; cpu:inst|address_memory_data[4] ; yes                    ;
; cpu:inst|address_memory_data[1]                     ; cpu:inst|address_memory_data[4] ; yes                    ;
; cpu:inst|address_memory_data[0]                     ; cpu:inst|address_memory_data[4] ; yes                    ;
; cpu:inst|address_memory_inst[4]                     ; cpu:inst|state.000000           ; yes                    ;
; cpu:inst|address_memory_inst[3]                     ; cpu:inst|state.000000           ; yes                    ;
; cpu:inst|address_memory_inst[2]                     ; cpu:inst|state.000000           ; yes                    ;
; cpu:inst|address_memory_inst[1]                     ; cpu:inst|state.000000           ; yes                    ;
; cpu:inst|address_memory_inst[0]                     ; cpu:inst|state.000000           ; yes                    ;
; cpu:inst|Temp1[0]                                   ; cpu:inst|WideOr8                ; yes                    ;
; cpu:inst|Temp1[1]                                   ; cpu:inst|WideOr8                ; yes                    ;
; cpu:inst|Temp1[2]                                   ; cpu:inst|WideOr8                ; yes                    ;
; cpu:inst|Temp1[3]                                   ; cpu:inst|WideOr8                ; yes                    ;
; cpu:inst|Temp1[4]                                   ; cpu:inst|WideOr8                ; yes                    ;
; cpu:inst|Temp1[5]                                   ; cpu:inst|WideOr8                ; yes                    ;
; cpu:inst|Temp1[6]                                   ; cpu:inst|WideOr8                ; yes                    ;
; cpu:inst|Temp1[7]                                   ; cpu:inst|WideOr8                ; yes                    ;
; cpu:inst|Temp1[8]                                   ; cpu:inst|WideOr8                ; yes                    ;
; cpu:inst|Temp1[9]                                   ; cpu:inst|WideOr8                ; yes                    ;
; cpu:inst|Temp1[10]                                  ; cpu:inst|WideOr8                ; yes                    ;
; cpu:inst|Temp1[11]                                  ; cpu:inst|WideOr8                ; yes                    ;
; cpu:inst|Temp1[12]                                  ; cpu:inst|WideOr8                ; yes                    ;
; cpu:inst|Temp1[13]                                  ; cpu:inst|WideOr8                ; yes                    ;
; cpu:inst|Temp1[14]                                  ; cpu:inst|WideOr8                ; yes                    ;
; cpu:inst|Temp1[15]                                  ; cpu:inst|WideOr8                ; yes                    ;
; cpu:inst|pcounter_next[4]                           ; cpu:inst|Selector164            ; yes                    ;
; cpu:inst|pcounter_next[3]                           ; cpu:inst|Selector164            ; yes                    ;
; cpu:inst|pcounter_next[2]                           ; cpu:inst|Selector164            ; yes                    ;
; cpu:inst|pcounter_next[1]                           ; cpu:inst|Selector164            ; yes                    ;
; cpu:inst|pcounter_next[0]                           ; cpu:inst|Selector164            ; yes                    ;
; cpu:inst|TOS[4]                                     ; cpu:inst|WideOr11               ; yes                    ;
; cpu:inst|TOS[3]                                     ; cpu:inst|WideOr11               ; yes                    ;
; cpu:inst|TOS[2]                                     ; cpu:inst|WideOr11               ; yes                    ;
; cpu:inst|TOS[1]                                     ; cpu:inst|WideOr11               ; yes                    ;
; cpu:inst|TOS[0]                                     ; cpu:inst|WideOr11               ; yes                    ;
; cpu:inst|stack_push_operations                      ; cpu:inst|Selector111            ; yes                    ;
; cpu:inst|stack_pop_operations                       ; cpu:inst|Selector109            ; yes                    ;
; cpu:inst|stack_data_in_operations[0]                ; cpu:inst|Selector107            ; yes                    ;
; cpu:inst|stack_data_in_operations[1]                ; cpu:inst|Selector107            ; yes                    ;
; cpu:inst|stack_data_in_operations[2]                ; cpu:inst|Selector107            ; yes                    ;
; cpu:inst|stack_data_in_operations[3]                ; cpu:inst|Selector107            ; yes                    ;
; cpu:inst|stack_data_in_operations[4]                ; cpu:inst|Selector107            ; yes                    ;
; cpu:inst|stack_data_in_operations[5]                ; cpu:inst|Selector107            ; yes                    ;
; cpu:inst|stack_data_in_operations[6]                ; cpu:inst|Selector107            ; yes                    ;
; cpu:inst|stack_data_in_operations[7]                ; cpu:inst|Selector107            ; yes                    ;
; cpu:inst|stack_data_in_operations[8]                ; cpu:inst|Selector107            ; yes                    ;
; cpu:inst|stack_data_in_operations[9]                ; cpu:inst|Selector107            ; yes                    ;
; cpu:inst|stack_data_in_operations[10]               ; cpu:inst|Selector107            ; yes                    ;
; cpu:inst|stack_data_in_operations[11]               ; cpu:inst|Selector107            ; yes                    ;
; cpu:inst|stack_data_in_operations[12]               ; cpu:inst|Selector107            ; yes                    ;
; cpu:inst|stack_data_in_operations[13]               ; cpu:inst|Selector107            ; yes                    ;
; cpu:inst|stack_data_in_operations[14]               ; cpu:inst|Selector107            ; yes                    ;
; cpu:inst|stack_data_in_operations[15]               ; cpu:inst|Selector107            ; yes                    ;
; cpu:inst|stack_push_subroutines                     ; cpu:inst|Selector73             ; yes                    ;
; cpu:inst|stack_pop_subroutines                      ; cpu:inst|Selector71             ; yes                    ;
; cpu:inst|stack_data_in_subroutines[4]               ; cpu:inst|Selector69             ; yes                    ;
; cpu:inst|stack_data_in_subroutines[3]               ; cpu:inst|Selector69             ; yes                    ;
; cpu:inst|stack_data_in_subroutines[2]               ; cpu:inst|Selector69             ; yes                    ;
; cpu:inst|stack_data_in_subroutines[1]               ; cpu:inst|Selector69             ; yes                    ;
; cpu:inst|stack_data_in_subroutines[0]               ; cpu:inst|Selector69             ; yes                    ;
; Number of user-specified and inferred latches = 62  ;                                 ;                        ;
+-----------------------------------------------------+---------------------------------+------------------------+
Note: All latches listed above may not be present at the end of synthesis due to various synthesis optimizations.


+--------------------------------------------------------------------------------------------------+
; Registers Removed During Synthesis                                                               ;
+-----------------------------------------------+--------------------------------------------------+
; Register name                                 ; Reason for Removal                               ;
+-----------------------------------------------+--------------------------------------------------+
; stack:stack_subroutines|data_out[5..9,11..15] ; Merged with stack:stack_subroutines|data_out[10] ;
; stack:stack_subroutines|data_out[10]          ; Stuck at GND due to stuck port data_in           ;
; cpu:inst|state.WRITE_DATA                     ; Lost fanout                                      ;
; cpu:inst|state~2                              ; Lost fanout                                      ;
; cpu:inst|state~3                              ; Lost fanout                                      ;
; cpu:inst|state~4                              ; Lost fanout                                      ;
; cpu:inst|state~5                              ; Lost fanout                                      ;
; cpu:inst|state~6                              ; Lost fanout                                      ;
; cpu:inst|state~7                              ; Lost fanout                                      ;
; cpu:inst|state.OP_ALU                         ; Stuck at GND due to stuck port data_in           ;
; cpu:inst|state.PUSH_OP_RESULT                 ; Stuck at GND due to stuck port data_in           ;
; Total Number of Removed Registers = 20        ;                                                  ;
+-----------------------------------------------+--------------------------------------------------+


+--------------------------------------------------------------------------------------------+
; Removed Registers Triggering Further Register Optimizations                                ;
+-----------------------+---------------------------+----------------------------------------+
; Register name         ; Reason for Removal        ; Registers Removed due to This Register ;
+-----------------------+---------------------------+----------------------------------------+
; cpu:inst|state.OP_ALU ; Stuck at GND              ; cpu:inst|state.PUSH_OP_RESULT          ;
;                       ; due to stuck port data_in ;                                        ;
+-----------------------+---------------------------+----------------------------------------+


+------------------------------------------------------+
; General Register Statistics                          ;
+----------------------------------------------+-------+
; Statistic                                    ; Value ;
+----------------------------------------------+-------+
; Total registers                              ; 281   ;
; Number of registers using Synchronous Clear  ; 22    ;
; Number of registers using Synchronous Load   ; 0     ;
; Number of registers using Asynchronous Clear ; 0     ;
; Number of registers using Asynchronous Load  ; 0     ;
; Number of registers using Clock Enable       ; 236   ;
; Number of registers using Preset             ; 0     ;
+----------------------------------------------+-------+


+----------------------------------------------------------------------------------------------------------------------------------------------------------------------+
; Multiplexer Restructuring Statistics (Restructuring Performed)                                                                                                       ;
+--------------------+-----------+---------------+----------------------+------------------------+------------+--------------------------------------------------------+
; Multiplexer Inputs ; Bus Width ; Baseline Area ; Area if Restructured ; Saving if Restructured ; Registered ; Example Multiplexer Output                             ;
+--------------------+-----------+---------------+----------------------+------------------------+------------+--------------------------------------------------------+
; 3:1                ; 16 bits   ; 32 LEs        ; 16 LEs               ; 16 LEs                 ; Yes        ; |Processor|stack:stack_operations|data_out[0]          ;
; 3:1                ; 5 bits    ; 10 LEs        ; 5 LEs                ; 5 LEs                  ; Yes        ; |Processor|stack:stack_subroutines|data_out[3]         ;
; 4:1                ; 10 bits   ; 20 LEs        ; 20 LEs               ; 0 LEs                  ; Yes        ; |Processor|stack:stack_operations|topPositionStack[2]  ;
; 4:1                ; 10 bits   ; 20 LEs        ; 20 LEs               ; 0 LEs                  ; Yes        ; |Processor|stack:stack_subroutines|topPositionStack[8] ;
; 3:1                ; 10 bits   ; 20 LEs        ; 10 LEs               ; 10 LEs                 ; No         ; |Processor|cpu:inst|state                              ;
; 3:1                ; 5 bits    ; 10 LEs        ; 10 LEs               ; 0 LEs                  ; No         ; |Processor|cpu:inst|Selector117                        ;
; 10:1               ; 5 bits    ; 30 LEs        ; 10 LEs               ; 20 LEs                 ; No         ; |Processor|cpu:inst|Selector5                          ;
; 24:1               ; 5 bits    ; 80 LEs        ; 45 LEs               ; 35 LEs                 ; No         ; |Processor|cpu:inst|Selector96                         ;
; 25:1               ; 10 bits   ; 160 LEs       ; 90 LEs               ; 70 LEs                 ; No         ; |Processor|cpu:inst|Selector76                         ;
+--------------------+-----------+---------------+----------------------+------------------------+------------+--------------------------------------------------------+


+-------------------------------------------------------+
; Parameter Settings for User Entity Instance: cpu:inst ;
+----------------+-------+------------------------------+
; Parameter Name ; Value ; Type                         ;
+----------------+-------+------------------------------+
; WIDTH_DATA     ; 16    ; Signed Integer               ;
; AWIDTH         ; 5     ; Signed Integer               ;
+----------------+-------+------------------------------+
Note: In order to hide this table in the UI and the text report file, please set the "Show Parameter Settings in Synthesis Report" option in "Analysis and Synthesis Settings -> More Settings" to "Off".


+---------------------------------------------------------------------+
; Parameter Settings for User Entity Instance: stack:stack_operations ;
+----------------+-------+--------------------------------------------+
; Parameter Name ; Value ; Type                                       ;
+----------------+-------+--------------------------------------------+
; WIDTH_DATA     ; 16    ; Signed Integer                             ;
; DEPTH          ; 10    ; Signed Integer                             ;
+----------------+-------+--------------------------------------------+
Note: In order to hide this table in the UI and the text report file, please set the "Show Parameter Settings in Synthesis Report" option in "Analysis and Synthesis Settings -> More Settings" to "Off".


+----------------------------------------------------------------------+
; Parameter Settings for User Entity Instance: stack:stack_subroutines ;
+----------------+-------+---------------------------------------------+
; Parameter Name ; Value ; Type                                        ;
+----------------+-------+---------------------------------------------+
; WIDTH_DATA     ; 16    ; Signed Integer                              ;
; DEPTH          ; 10    ; Signed Integer                              ;
+----------------+-------+---------------------------------------------+
Note: In order to hide this table in the UI and the text report file, please set the "Show Parameter Settings in Synthesis Report" option in "Analysis and Synthesis Settings -> More Settings" to "Off".


+------------------------------------------------------+
; Parameter Settings for User Entity Instance: alu:Alu ;
+----------------+-------+-----------------------------+
; Parameter Name ; Value ; Type                        ;
+----------------+-------+-----------------------------+
; WIDTH_DATA     ; 16    ; Signed Integer              ;
+----------------+-------+-----------------------------+
Note: In order to hide this table in the UI and the text report file, please set the "Show Parameter Settings in Synthesis Report" option in "Analysis and Synthesis Settings -> More Settings" to "Off".


+-----------------------------------------------------+
; Post-Synthesis Netlist Statistics for Top Partition ;
+-----------------------+-----------------------------+
; Type                  ; Count                       ;
+-----------------------+-----------------------------+
; boundary_port         ; 62                          ;
; cycloneiii_ff         ; 281                         ;
;     ENA               ; 215                         ;
;     ENA SCLR          ; 21                          ;
;     SCLR              ; 1                           ;
;     plain             ; 44                          ;
; cycloneiii_lcell_comb ; 473                         ;
;     arith             ; 22                          ;
;         2 data inputs ; 6                           ;
;         3 data inputs ; 16                          ;
;     normal            ; 451                         ;
;         0 data inputs ; 2                           ;
;         1 data inputs ; 1                           ;
;         2 data inputs ; 34                          ;
;         3 data inputs ; 146                         ;
;         4 data inputs ; 268                         ;
;                       ;                             ;
; Max LUT depth         ; 5.00                        ;
; Average LUT depth     ; 3.42                        ;
+-----------------------+-----------------------------+


+-------------------------------+
; Elapsed Time Per Partition    ;
+----------------+--------------+
; Partition Name ; Elapsed Time ;
+----------------+--------------+
; Top            ; 00:00:01     ;
+----------------+--------------+


+-------------------------------+
; Analysis & Synthesis Messages ;
+-------------------------------+
Info: *******************************************************************
Info: Running Quartus Prime Analysis & Synthesis
    Info: Version 18.1.0 Build 625 09/12/2018 SJ Lite Edition
    Info: Processing started: Sun Dec 17 00:20:48 2023
Info: Command: quartus_map --read_settings_files=on --write_settings_files=off Processor -c Processor
Warning (18236): Number of processors has not been specified which may cause overloading on shared machines.  Set the global assignment NUM_PARALLEL_PROCESSORS in your QSF to an appropriate value for best performance.
Info (20030): Parallel compilation is enabled and will use 6 of the 6 processors detected
Info (12021): Found 1 design units, including 1 entities, in source file /users/vini9/processador-pcid/stack/stack.v
    Info (12023): Found entity 1: stack File: C:/Users/vini9/Processador-PCID/stack/stack.v Line: 1
Info (12021): Found 1 design units, including 1 entities, in source file /users/vini9/processador-pcid/alu/alu.v
    Info (12023): Found entity 1: alu File: C:/Users/vini9/Processador-PCID/alu/alu.v Line: 1
Info (12021): Found 1 design units, including 1 entities, in source file /users/vini9/processador-pcid/cpu.v
    Info (12023): Found entity 1: cpu File: C:/Users/vini9/Processador-PCID/cpu.v Line: 4
Info (12021): Found 1 design units, including 1 entities, in source file processor.bdf
    Info (12023): Found entity 1: Processor
Info (12127): Elaborating entity "Processor" for the top level hierarchy
Info (12128): Elaborating entity "cpu" for hierarchy "cpu:inst"
Warning (10230): Verilog HDL assignment warning at cpu.v(200): truncated value with size 32 to match size of target (5) File: C:/Users/vini9/Processador-PCID/cpu.v Line: 200
Warning (10230): Verilog HDL assignment warning at cpu.v(240): truncated value with size 11 to match size of target (5) File: C:/Users/vini9/Processador-PCID/cpu.v Line: 240
Warning (10230): Verilog HDL assignment warning at cpu.v(359): truncated value with size 11 to match size of target (5) File: C:/Users/vini9/Processador-PCID/cpu.v Line: 359
Warning (10230): Verilog HDL assignment warning at cpu.v(376): truncated value with size 11 to match size of target (5) File: C:/Users/vini9/Processador-PCID/cpu.v Line: 376
Warning (10230): Verilog HDL assignment warning at cpu.v(393): truncated value with size 11 to match size of target (5) File: C:/Users/vini9/Processador-PCID/cpu.v Line: 393
Warning (10230): Verilog HDL assignment warning at cpu.v(409): truncated value with size 11 to match size of target (5) File: C:/Users/vini9/Processador-PCID/cpu.v Line: 409
Warning (10230): Verilog HDL assignment warning at cpu.v(425): truncated value with size 11 to match size of target (5) File: C:/Users/vini9/Processador-PCID/cpu.v Line: 425
Warning (10230): Verilog HDL assignment warning at cpu.v(440): truncated value with size 11 to match size of target (5) File: C:/Users/vini9/Processador-PCID/cpu.v Line: 440
Warning (10230): Verilog HDL assignment warning at cpu.v(453): truncated value with size 16 to match size of target (5) File: C:/Users/vini9/Processador-PCID/cpu.v Line: 453
Warning (10272): Verilog HDL Case Statement warning at cpu.v(303): case item expression covers a value already covered by a previous case item File: C:/Users/vini9/Processador-PCID/cpu.v Line: 303
Warning (10240): Verilog HDL Always Construct warning at cpu.v(164): inferring latch(es) for variable "pcounter_next", which holds its previous value in one or more paths through the always construct File: C:/Users/vini9/Processador-PCID/cpu.v Line: 164
Warning (10240): Verilog HDL Always Construct warning at cpu.v(164): inferring latch(es) for variable "Temp1", which holds its previous value in one or more paths through the always construct File: C:/Users/vini9/Processador-PCID/cpu.v Line: 164
Warning (10240): Verilog HDL Always Construct warning at cpu.v(164): inferring latch(es) for variable "Temp2", which holds its previous value in one or more paths through the always construct File: C:/Users/vini9/Processador-PCID/cpu.v Line: 164
Warning (10240): Verilog HDL Always Construct warning at cpu.v(164): inferring latch(es) for variable "TOS", which holds its previous value in one or more paths through the always construct File: C:/Users/vini9/Processador-PCID/cpu.v Line: 164
Warning (10240): Verilog HDL Always Construct warning at cpu.v(164): inferring latch(es) for variable "stack_push_operations", which holds its previous value in one or more paths through the always construct File: C:/Users/vini9/Processador-PCID/cpu.v Line: 164
Warning (10240): Verilog HDL Always Construct warning at cpu.v(164): inferring latch(es) for variable "stack_pop_operations", which holds its previous value in one or more paths through the always construct File: C:/Users/vini9/Processador-PCID/cpu.v Line: 164
Warning (10240): Verilog HDL Always Construct warning at cpu.v(164): inferring latch(es) for variable "stack_data_in_operations", which holds its previous value in one or more paths through the always construct File: C:/Users/vini9/Processador-PCID/cpu.v Line: 164
Warning (10240): Verilog HDL Always Construct warning at cpu.v(164): inferring latch(es) for variable "stack_push_subroutines", which holds its previous value in one or more paths through the always construct File: C:/Users/vini9/Processador-PCID/cpu.v Line: 164
Warning (10240): Verilog HDL Always Construct warning at cpu.v(164): inferring latch(es) for variable "stack_pop_subroutines", which holds its previous value in one or more paths through the always construct File: C:/Users/vini9/Processador-PCID/cpu.v Line: 164
Warning (10240): Verilog HDL Always Construct warning at cpu.v(164): inferring latch(es) for variable "stack_data_in_subroutines", which holds its previous value in one or more paths through the always construct File: C:/Users/vini9/Processador-PCID/cpu.v Line: 164
Warning (10240): Verilog HDL Always Construct warning at cpu.v(164): inferring latch(es) for variable "operand_a", which holds its previous value in one or more paths through the always construct File: C:/Users/vini9/Processador-PCID/cpu.v Line: 164
Warning (10240): Verilog HDL Always Construct warning at cpu.v(164): inferring latch(es) for variable "operand_b", which holds its previous value in one or more paths through the always construct File: C:/Users/vini9/Processador-PCID/cpu.v Line: 164
Warning (10240): Verilog HDL Always Construct warning at cpu.v(164): inferring latch(es) for variable "op_ALU", which holds its previous value in one or more paths through the always construct File: C:/Users/vini9/Processador-PCID/cpu.v Line: 164
Warning (10240): Verilog HDL Always Construct warning at cpu.v(164): inferring latch(es) for variable "memory_data_out", which holds its previous value in one or more paths through the always construct File: C:/Users/vini9/Processador-PCID/cpu.v Line: 164
Warning (10240): Verilog HDL Always Construct warning at cpu.v(164): inferring latch(es) for variable "address_memory_inst", which holds its previous value in one or more paths through the always construct File: C:/Users/vini9/Processador-PCID/cpu.v Line: 164
Warning (10240): Verilog HDL Always Construct warning at cpu.v(164): inferring latch(es) for variable "write_data_enable", which holds its previous value in one or more paths through the always construct File: C:/Users/vini9/Processador-PCID/cpu.v Line: 164
Warning (10240): Verilog HDL Always Construct warning at cpu.v(164): inferring latch(es) for variable "read_data_enable", which holds its previous value in one or more paths through the always construct File: C:/Users/vini9/Processador-PCID/cpu.v Line: 164
Warning (10240): Verilog HDL Always Construct warning at cpu.v(164): inferring latch(es) for variable "address_memory_data", which holds its previous value in one or more paths through the always construct File: C:/Users/vini9/Processador-PCID/cpu.v Line: 164
Info (10041): Inferred latch for "address_memory_data[0]" at cpu.v(164) File: C:/Users/vini9/Processador-PCID/cpu.v Line: 164
Info (10041): Inferred latch for "address_memory_data[1]" at cpu.v(164) File: C:/Users/vini9/Processador-PCID/cpu.v Line: 164
Info (10041): Inferred latch for "address_memory_data[2]" at cpu.v(164) File: C:/Users/vini9/Processador-PCID/cpu.v Line: 164
Info (10041): Inferred latch for "address_memory_data[3]" at cpu.v(164) File: C:/Users/vini9/Processador-PCID/cpu.v Line: 164
Info (10041): Inferred latch for "address_memory_data[4]" at cpu.v(164) File: C:/Users/vini9/Processador-PCID/cpu.v Line: 164
Info (10041): Inferred latch for "read_data_enable" at cpu.v(164) File: C:/Users/vini9/Processador-PCID/cpu.v Line: 164
Info (10041): Inferred latch for "write_data_enable" at cpu.v(164) File: C:/Users/vini9/Processador-PCID/cpu.v Line: 164
Info (10041): Inferred latch for "address_memory_inst[0]" at cpu.v(164) File: C:/Users/vini9/Processador-PCID/cpu.v Line: 164
Info (10041): Inferred latch for "address_memory_inst[1]" at cpu.v(164) File: C:/Users/vini9/Processador-PCID/cpu.v Line: 164
Info (10041): Inferred latch for "address_memory_inst[2]" at cpu.v(164) File: C:/Users/vini9/Processador-PCID/cpu.v Line: 164
Info (10041): Inferred latch for "address_memory_inst[3]" at cpu.v(164) File: C:/Users/vini9/Processador-PCID/cpu.v Line: 164
Info (10041): Inferred latch for "address_memory_inst[4]" at cpu.v(164) File: C:/Users/vini9/Processador-PCID/cpu.v Line: 164
Info (10041): Inferred latch for "memory_data_out[0]" at cpu.v(164) File: C:/Users/vini9/Processador-PCID/cpu.v Line: 164
Info (10041): Inferred latch for "memory_data_out[1]" at cpu.v(164) File: C:/Users/vini9/Processador-PCID/cpu.v Line: 164
Info (10041): Inferred latch for "memory_data_out[2]" at cpu.v(164) File: C:/Users/vini9/Processador-PCID/cpu.v Line: 164
Info (10041): Inferred latch for "memory_data_out[3]" at cpu.v(164) File: C:/Users/vini9/Processador-PCID/cpu.v Line: 164
Info (10041): Inferred latch for "memory_data_out[4]" at cpu.v(164) File: C:/Users/vini9/Processador-PCID/cpu.v Line: 164
Info (10041): Inferred latch for "memory_data_out[5]" at cpu.v(164) File: C:/Users/vini9/Processador-PCID/cpu.v Line: 164
Info (10041): Inferred latch for "memory_data_out[6]" at cpu.v(164) File: C:/Users/vini9/Processador-PCID/cpu.v Line: 164
Info (10041): Inferred latch for "memory_data_out[7]" at cpu.v(164) File: C:/Users/vini9/Processador-PCID/cpu.v Line: 164
Info (10041): Inferred latch for "memory_data_out[8]" at cpu.v(164) File: C:/Users/vini9/Processador-PCID/cpu.v Line: 164
Info (10041): Inferred latch for "memory_data_out[9]" at cpu.v(164) File: C:/Users/vini9/Processador-PCID/cpu.v Line: 164
Info (10041): Inferred latch for "memory_data_out[10]" at cpu.v(164) File: C:/Users/vini9/Processador-PCID/cpu.v Line: 164
Info (10041): Inferred latch for "memory_data_out[11]" at cpu.v(164) File: C:/Users/vini9/Processador-PCID/cpu.v Line: 164
Info (10041): Inferred latch for "memory_data_out[12]" at cpu.v(164) File: C:/Users/vini9/Processador-PCID/cpu.v Line: 164
Info (10041): Inferred latch for "memory_data_out[13]" at cpu.v(164) File: C:/Users/vini9/Processador-PCID/cpu.v Line: 164
Info (10041): Inferred latch for "memory_data_out[14]" at cpu.v(164) File: C:/Users/vini9/Processador-PCID/cpu.v Line: 164
Info (10041): Inferred latch for "memory_data_out[15]" at cpu.v(164) File: C:/Users/vini9/Processador-PCID/cpu.v Line: 164
Info (10041): Inferred latch for "op_ALU[0]" at cpu.v(164) File: C:/Users/vini9/Processador-PCID/cpu.v Line: 164
Info (10041): Inferred latch for "op_ALU[1]" at cpu.v(164) File: C:/Users/vini9/Processador-PCID/cpu.v Line: 164
Info (10041): Inferred latch for "op_ALU[2]" at cpu.v(164) File: C:/Users/vini9/Processador-PCID/cpu.v Line: 164
Info (10041): Inferred latch for "op_ALU[3]" at cpu.v(164) File: C:/Users/vini9/Processador-PCID/cpu.v Line: 164
Info (10041): Inferred latch for "op_ALU[4]" at cpu.v(164) File: C:/Users/vini9/Processador-PCID/cpu.v Line: 164
Info (10041): Inferred latch for "operand_b[0]" at cpu.v(164) File: C:/Users/vini9/Processador-PCID/cpu.v Line: 164
Info (10041): Inferred latch for "operand_b[1]" at cpu.v(164) File: C:/Users/vini9/Processador-PCID/cpu.v Line: 164
Info (10041): Inferred latch for "operand_b[2]" at cpu.v(164) File: C:/Users/vini9/Processador-PCID/cpu.v Line: 164
Info (10041): Inferred latch for "operand_b[3]" at cpu.v(164) File: C:/Users/vini9/Processador-PCID/cpu.v Line: 164
Info (10041): Inferred latch for "operand_b[4]" at cpu.v(164) File: C:/Users/vini9/Processador-PCID/cpu.v Line: 164
Info (10041): Inferred latch for "operand_b[5]" at cpu.v(164) File: C:/Users/vini9/Processador-PCID/cpu.v Line: 164
Info (10041): Inferred latch for "operand_b[6]" at cpu.v(164) File: C:/Users/vini9/Processador-PCID/cpu.v Line: 164
Info (10041): Inferred latch for "operand_b[7]" at cpu.v(164) File: C:/Users/vini9/Processador-PCID/cpu.v Line: 164
Info (10041): Inferred latch for "operand_b[8]" at cpu.v(164) File: C:/Users/vini9/Processador-PCID/cpu.v Line: 164
Info (10041): Inferred latch for "operand_b[9]" at cpu.v(164) File: C:/Users/vini9/Processador-PCID/cpu.v Line: 164
Info (10041): Inferred latch for "operand_b[10]" at cpu.v(164) File: C:/Users/vini9/Processador-PCID/cpu.v Line: 164
Info (10041): Inferred latch for "operand_b[11]" at cpu.v(164) File: C:/Users/vini9/Processador-PCID/cpu.v Line: 164
Info (10041): Inferred latch for "operand_b[12]" at cpu.v(164) File: C:/Users/vini9/Processador-PCID/cpu.v Line: 164
Info (10041): Inferred latch for "operand_b[13]" at cpu.v(164) File: C:/Users/vini9/Processador-PCID/cpu.v Line: 164
Info (10041): Inferred latch for "operand_b[14]" at cpu.v(164) File: C:/Users/vini9/Processador-PCID/cpu.v Line: 164
Info (10041): Inferred latch for "operand_b[15]" at cpu.v(164) File: C:/Users/vini9/Processador-PCID/cpu.v Line: 164
Info (10041): Inferred latch for "operand_a[0]" at cpu.v(164) File: C:/Users/vini9/Processador-PCID/cpu.v Line: 164
Info (10041): Inferred latch for "operand_a[1]" at cpu.v(164) File: C:/Users/vini9/Processador-PCID/cpu.v Line: 164
Info (10041): Inferred latch for "operand_a[2]" at cpu.v(164) File: C:/Users/vini9/Processador-PCID/cpu.v Line: 164
Info (10041): Inferred latch for "operand_a[3]" at cpu.v(164) File: C:/Users/vini9/Processador-PCID/cpu.v Line: 164
Info (10041): Inferred latch for "operand_a[4]" at cpu.v(164) File: C:/Users/vini9/Processador-PCID/cpu.v Line: 164
Info (10041): Inferred latch for "operand_a[5]" at cpu.v(164) File: C:/Users/vini9/Processador-PCID/cpu.v Line: 164
Info (10041): Inferred latch for "operand_a[6]" at cpu.v(164) File: C:/Users/vini9/Processador-PCID/cpu.v Line: 164
Info (10041): Inferred latch for "operand_a[7]" at cpu.v(164) File: C:/Users/vini9/Processador-PCID/cpu.v Line: 164
Info (10041): Inferred latch for "operand_a[8]" at cpu.v(164) File: C:/Users/vini9/Processador-PCID/cpu.v Line: 164
Info (10041): Inferred latch for "operand_a[9]" at cpu.v(164) File: C:/Users/vini9/Processador-PCID/cpu.v Line: 164
Info (10041): Inferred latch for "operand_a[10]" at cpu.v(164) File: C:/Users/vini9/Processador-PCID/cpu.v Line: 164
Info (10041): Inferred latch for "operand_a[11]" at cpu.v(164) File: C:/Users/vini9/Processador-PCID/cpu.v Line: 164
Info (10041): Inferred latch for "operand_a[12]" at cpu.v(164) File: C:/Users/vini9/Processador-PCID/cpu.v Line: 164
Info (10041): Inferred latch for "operand_a[13]" at cpu.v(164) File: C:/Users/vini9/Processador-PCID/cpu.v Line: 164
Info (10041): Inferred latch for "operand_a[14]" at cpu.v(164) File: C:/Users/vini9/Processador-PCID/cpu.v Line: 164
Info (10041): Inferred latch for "operand_a[15]" at cpu.v(164) File: C:/Users/vini9/Processador-PCID/cpu.v Line: 164
Info (10041): Inferred latch for "stack_data_in_subroutines[0]" at cpu.v(164) File: C:/Users/vini9/Processador-PCID/cpu.v Line: 164
Info (10041): Inferred latch for "stack_data_in_subroutines[1]" at cpu.v(164) File: C:/Users/vini9/Processador-PCID/cpu.v Line: 164
Info (10041): Inferred latch for "stack_data_in_subroutines[2]" at cpu.v(164) File: C:/Users/vini9/Processador-PCID/cpu.v Line: 164
Info (10041): Inferred latch for "stack_data_in_subroutines[3]" at cpu.v(164) File: C:/Users/vini9/Processador-PCID/cpu.v Line: 164
Info (10041): Inferred latch for "stack_data_in_subroutines[4]" at cpu.v(164) File: C:/Users/vini9/Processador-PCID/cpu.v Line: 164
Info (10041): Inferred latch for "stack_data_in_subroutines[5]" at cpu.v(164) File: C:/Users/vini9/Processador-PCID/cpu.v Line: 164
Info (10041): Inferred latch for "stack_data_in_subroutines[6]" at cpu.v(164) File: C:/Users/vini9/Processador-PCID/cpu.v Line: 164
Info (10041): Inferred latch for "stack_data_in_subroutines[7]" at cpu.v(164) File: C:/Users/vini9/Processador-PCID/cpu.v Line: 164
Info (10041): Inferred latch for "stack_data_in_subroutines[8]" at cpu.v(164) File: C:/Users/vini9/Processador-PCID/cpu.v Line: 164
Info (10041): Inferred latch for "stack_data_in_subroutines[9]" at cpu.v(164) File: C:/Users/vini9/Processador-PCID/cpu.v Line: 164
Info (10041): Inferred latch for "stack_data_in_subroutines[10]" at cpu.v(164) File: C:/Users/vini9/Processador-PCID/cpu.v Line: 164
Info (10041): Inferred latch for "stack_data_in_subroutines[11]" at cpu.v(164) File: C:/Users/vini9/Processador-PCID/cpu.v Line: 164
Info (10041): Inferred latch for "stack_data_in_subroutines[12]" at cpu.v(164) File: C:/Users/vini9/Processador-PCID/cpu.v Line: 164
Info (10041): Inferred latch for "stack_data_in_subroutines[13]" at cpu.v(164) File: C:/Users/vini9/Processador-PCID/cpu.v Line: 164
Info (10041): Inferred latch for "stack_data_in_subroutines[14]" at cpu.v(164) File: C:/Users/vini9/Processador-PCID/cpu.v Line: 164
Info (10041): Inferred latch for "stack_data_in_subroutines[15]" at cpu.v(164) File: C:/Users/vini9/Processador-PCID/cpu.v Line: 164
Info (10041): Inferred latch for "stack_pop_subroutines" at cpu.v(164) File: C:/Users/vini9/Processador-PCID/cpu.v Line: 164
Info (10041): Inferred latch for "stack_push_subroutines" at cpu.v(164) File: C:/Users/vini9/Processador-PCID/cpu.v Line: 164
Info (10041): Inferred latch for "stack_data_in_operations[0]" at cpu.v(164) File: C:/Users/vini9/Processador-PCID/cpu.v Line: 164
Info (10041): Inferred latch for "stack_data_in_operations[1]" at cpu.v(164) File: C:/Users/vini9/Processador-PCID/cpu.v Line: 164
Info (10041): Inferred latch for "stack_data_in_operations[2]" at cpu.v(164) File: C:/Users/vini9/Processador-PCID/cpu.v Line: 164
Info (10041): Inferred latch for "stack_data_in_operations[3]" at cpu.v(164) File: C:/Users/vini9/Processador-PCID/cpu.v Line: 164
Info (10041): Inferred latch for "stack_data_in_operations[4]" at cpu.v(164) File: C:/Users/vini9/Processador-PCID/cpu.v Line: 164
Info (10041): Inferred latch for "stack_data_in_operations[5]" at cpu.v(164) File: C:/Users/vini9/Processador-PCID/cpu.v Line: 164
Info (10041): Inferred latch for "stack_data_in_operations[6]" at cpu.v(164) File: C:/Users/vini9/Processador-PCID/cpu.v Line: 164
Info (10041): Inferred latch for "stack_data_in_operations[7]" at cpu.v(164) File: C:/Users/vini9/Processador-PCID/cpu.v Line: 164
Info (10041): Inferred latch for "stack_data_in_operations[8]" at cpu.v(164) File: C:/Users/vini9/Processador-PCID/cpu.v Line: 164
Info (10041): Inferred latch for "stack_data_in_operations[9]" at cpu.v(164) File: C:/Users/vini9/Processador-PCID/cpu.v Line: 164
Info (10041): Inferred latch for "stack_data_in_operations[10]" at cpu.v(164) File: C:/Users/vini9/Processador-PCID/cpu.v Line: 164
Info (10041): Inferred latch for "stack_data_in_operations[11]" at cpu.v(164) File: C:/Users/vini9/Processador-PCID/cpu.v Line: 164
Info (10041): Inferred latch for "stack_data_in_operations[12]" at cpu.v(164) File: C:/Users/vini9/Processador-PCID/cpu.v Line: 164
Info (10041): Inferred latch for "stack_data_in_operations[13]" at cpu.v(164) File: C:/Users/vini9/Processador-PCID/cpu.v Line: 164
Info (10041): Inferred latch for "stack_data_in_operations[14]" at cpu.v(164) File: C:/Users/vini9/Processador-PCID/cpu.v Line: 164
Info (10041): Inferred latch for "stack_data_in_operations[15]" at cpu.v(164) File: C:/Users/vini9/Processador-PCID/cpu.v Line: 164
Info (10041): Inferred latch for "stack_pop_operations" at cpu.v(164) File: C:/Users/vini9/Processador-PCID/cpu.v Line: 164
Info (10041): Inferred latch for "stack_push_operations" at cpu.v(164) File: C:/Users/vini9/Processador-PCID/cpu.v Line: 164
Info (10041): Inferred latch for "TOS[0]" at cpu.v(164) File: C:/Users/vini9/Processador-PCID/cpu.v Line: 164
Info (10041): Inferred latch for "TOS[1]" at cpu.v(164) File: C:/Users/vini9/Processador-PCID/cpu.v Line: 164
Info (10041): Inferred latch for "TOS[2]" at cpu.v(164) File: C:/Users/vini9/Processador-PCID/cpu.v Line: 164
Info (10041): Inferred latch for "TOS[3]" at cpu.v(164) File: C:/Users/vini9/Processador-PCID/cpu.v Line: 164
Info (10041): Inferred latch for "TOS[4]" at cpu.v(164) File: C:/Users/vini9/Processador-PCID/cpu.v Line: 164
Info (10041): Inferred latch for "TOS[5]" at cpu.v(164) File: C:/Users/vini9/Processador-PCID/cpu.v Line: 164
Info (10041): Inferred latch for "TOS[6]" at cpu.v(164) File: C:/Users/vini9/Processador-PCID/cpu.v Line: 164
Info (10041): Inferred latch for "TOS[7]" at cpu.v(164) File: C:/Users/vini9/Processador-PCID/cpu.v Line: 164
Info (10041): Inferred latch for "TOS[8]" at cpu.v(164) File: C:/Users/vini9/Processador-PCID/cpu.v Line: 164
Info (10041): Inferred latch for "TOS[9]" at cpu.v(164) File: C:/Users/vini9/Processador-PCID/cpu.v Line: 164
Info (10041): Inferred latch for "TOS[10]" at cpu.v(164) File: C:/Users/vini9/Processador-PCID/cpu.v Line: 164
Info (10041): Inferred latch for "TOS[11]" at cpu.v(164) File: C:/Users/vini9/Processador-PCID/cpu.v Line: 164
Info (10041): Inferred latch for "TOS[12]" at cpu.v(164) File: C:/Users/vini9/Processador-PCID/cpu.v Line: 164
Info (10041): Inferred latch for "TOS[13]" at cpu.v(164) File: C:/Users/vini9/Processador-PCID/cpu.v Line: 164
Info (10041): Inferred latch for "TOS[14]" at cpu.v(164) File: C:/Users/vini9/Processador-PCID/cpu.v Line: 164
Info (10041): Inferred latch for "TOS[15]" at cpu.v(164) File: C:/Users/vini9/Processador-PCID/cpu.v Line: 164
Info (10041): Inferred latch for "Temp2[0]" at cpu.v(164) File: C:/Users/vini9/Processador-PCID/cpu.v Line: 164
Info (10041): Inferred latch for "Temp2[1]" at cpu.v(164) File: C:/Users/vini9/Processador-PCID/cpu.v Line: 164
Info (10041): Inferred latch for "Temp2[2]" at cpu.v(164) File: C:/Users/vini9/Processador-PCID/cpu.v Line: 164
Info (10041): Inferred latch for "Temp2[3]" at cpu.v(164) File: C:/Users/vini9/Processador-PCID/cpu.v Line: 164
Info (10041): Inferred latch for "Temp2[4]" at cpu.v(164) File: C:/Users/vini9/Processador-PCID/cpu.v Line: 164
Info (10041): Inferred latch for "Temp2[5]" at cpu.v(164) File: C:/Users/vini9/Processador-PCID/cpu.v Line: 164
Info (10041): Inferred latch for "Temp2[6]" at cpu.v(164) File: C:/Users/vini9/Processador-PCID/cpu.v Line: 164
Info (10041): Inferred latch for "Temp2[7]" at cpu.v(164) File: C:/Users/vini9/Processador-PCID/cpu.v Line: 164
Info (10041): Inferred latch for "Temp2[8]" at cpu.v(164) File: C:/Users/vini9/Processador-PCID/cpu.v Line: 164
Info (10041): Inferred latch for "Temp2[9]" at cpu.v(164) File: C:/Users/vini9/Processador-PCID/cpu.v Line: 164
Info (10041): Inferred latch for "Temp2[10]" at cpu.v(164) File: C:/Users/vini9/Processador-PCID/cpu.v Line: 164
Info (10041): Inferred latch for "Temp2[11]" at cpu.v(164) File: C:/Users/vini9/Processador-PCID/cpu.v Line: 164
Info (10041): Inferred latch for "Temp2[12]" at cpu.v(164) File: C:/Users/vini9/Processador-PCID/cpu.v Line: 164
Info (10041): Inferred latch for "Temp2[13]" at cpu.v(164) File: C:/Users/vini9/Processador-PCID/cpu.v Line: 164
Info (10041): Inferred latch for "Temp2[14]" at cpu.v(164) File: C:/Users/vini9/Processador-PCID/cpu.v Line: 164
Info (10041): Inferred latch for "Temp2[15]" at cpu.v(164) File: C:/Users/vini9/Processador-PCID/cpu.v Line: 164
Info (10041): Inferred latch for "Temp1[0]" at cpu.v(164) File: C:/Users/vini9/Processador-PCID/cpu.v Line: 164
Info (10041): Inferred latch for "Temp1[1]" at cpu.v(164) File: C:/Users/vini9/Processador-PCID/cpu.v Line: 164
Info (10041): Inferred latch for "Temp1[2]" at cpu.v(164) File: C:/Users/vini9/Processador-PCID/cpu.v Line: 164
Info (10041): Inferred latch for "Temp1[3]" at cpu.v(164) File: C:/Users/vini9/Processador-PCID/cpu.v Line: 164
Info (10041): Inferred latch for "Temp1[4]" at cpu.v(164) File: C:/Users/vini9/Processador-PCID/cpu.v Line: 164
Info (10041): Inferred latch for "Temp1[5]" at cpu.v(164) File: C:/Users/vini9/Processador-PCID/cpu.v Line: 164
Info (10041): Inferred latch for "Temp1[6]" at cpu.v(164) File: C:/Users/vini9/Processador-PCID/cpu.v Line: 164
Info (10041): Inferred latch for "Temp1[7]" at cpu.v(164) File: C:/Users/vini9/Processador-PCID/cpu.v Line: 164
Info (10041): Inferred latch for "Temp1[8]" at cpu.v(164) File: C:/Users/vini9/Processador-PCID/cpu.v Line: 164
Info (10041): Inferred latch for "Temp1[9]" at cpu.v(164) File: C:/Users/vini9/Processador-PCID/cpu.v Line: 164
Info (10041): Inferred latch for "Temp1[10]" at cpu.v(164) File: C:/Users/vini9/Processador-PCID/cpu.v Line: 164
Info (10041): Inferred latch for "Temp1[11]" at cpu.v(164) File: C:/Users/vini9/Processador-PCID/cpu.v Line: 164
Info (10041): Inferred latch for "Temp1[12]" at cpu.v(164) File: C:/Users/vini9/Processador-PCID/cpu.v Line: 164
Info (10041): Inferred latch for "Temp1[13]" at cpu.v(164) File: C:/Users/vini9/Processador-PCID/cpu.v Line: 164
Info (10041): Inferred latch for "Temp1[14]" at cpu.v(164) File: C:/Users/vini9/Processador-PCID/cpu.v Line: 164
Info (10041): Inferred latch for "Temp1[15]" at cpu.v(164) File: C:/Users/vini9/Processador-PCID/cpu.v Line: 164
Info (10041): Inferred latch for "pcounter_next[0]" at cpu.v(164) File: C:/Users/vini9/Processador-PCID/cpu.v Line: 164
Info (10041): Inferred latch for "pcounter_next[1]" at cpu.v(164) File: C:/Users/vini9/Processador-PCID/cpu.v Line: 164
Info (10041): Inferred latch for "pcounter_next[2]" at cpu.v(164) File: C:/Users/vini9/Processador-PCID/cpu.v Line: 164
Info (10041): Inferred latch for "pcounter_next[3]" at cpu.v(164) File: C:/Users/vini9/Processador-PCID/cpu.v Line: 164
Info (10041): Inferred latch for "pcounter_next[4]" at cpu.v(164) File: C:/Users/vini9/Processador-PCID/cpu.v Line: 164
Info (12128): Elaborating entity "stack" for hierarchy "stack:stack_operations"
Warning (10230): Verilog HDL assignment warning at stack.v(41): truncated value with size 32 to match size of target (10) File: C:/Users/vini9/Processador-PCID/stack/stack.v Line: 41
Warning (10230): Verilog HDL assignment warning at stack.v(44): truncated value with size 32 to match size of target (10) File: C:/Users/vini9/Processador-PCID/stack/stack.v Line: 44
Info (12128): Elaborating entity "alu" for hierarchy "alu:Alu"
Warning (10230): Verilog HDL assignment warning at alu.v(60): truncated value with size 32 to match size of target (16) File: C:/Users/vini9/Processador-PCID/alu/alu.v Line: 60
Info (276014): Found 2 instances of uninferred RAM logic
    Info (276007): RAM logic "stack:stack_operations|stack" is uninferred due to asynchronous read logic File: C:/Users/vini9/Processador-PCID/stack/stack.v Line: 14
    Info (276004): RAM logic "stack:stack_subroutines|stack" is uninferred due to inappropriate RAM size File: C:/Users/vini9/Processador-PCID/stack/stack.v Line: 14
Warning (13012): Latch cpu:inst|stack_data_in_operations[0] has unsafe behavior File: C:/Users/vini9/Processador-PCID/cpu.v Line: 164
    Warning (13013): Ports D and ENA on the latch are fed by the same signal cpu:inst|state.DECODE File: C:/Users/vini9/Processador-PCID/cpu.v Line: 142
Warning (13012): Latch cpu:inst|stack_data_in_operations[1] has unsafe behavior File: C:/Users/vini9/Processador-PCID/cpu.v Line: 164
    Warning (13013): Ports D and ENA on the latch are fed by the same signal cpu:inst|state.DECODE File: C:/Users/vini9/Processador-PCID/cpu.v Line: 142
Warning (13012): Latch cpu:inst|stack_data_in_operations[2] has unsafe behavior File: C:/Users/vini9/Processador-PCID/cpu.v Line: 164
    Warning (13013): Ports D and ENA on the latch are fed by the same signal cpu:inst|state.DECODE File: C:/Users/vini9/Processador-PCID/cpu.v Line: 142
Warning (13012): Latch cpu:inst|stack_data_in_operations[3] has unsafe behavior File: C:/Users/vini9/Processador-PCID/cpu.v Line: 164
    Warning (13013): Ports D and ENA on the latch are fed by the same signal cpu:inst|state.DECODE File: C:/Users/vini9/Processador-PCID/cpu.v Line: 142
Warning (13012): Latch cpu:inst|stack_data_in_operations[4] has unsafe behavior File: C:/Users/vini9/Processador-PCID/cpu.v Line: 164
    Warning (13013): Ports D and ENA on the latch are fed by the same signal cpu:inst|state.DECODE File: C:/Users/vini9/Processador-PCID/cpu.v Line: 142
Warning (13012): Latch cpu:inst|stack_data_in_operations[5] has unsafe behavior File: C:/Users/vini9/Processador-PCID/cpu.v Line: 164
    Warning (13013): Ports D and ENA on the latch are fed by the same signal cpu:inst|state.DECODE File: C:/Users/vini9/Processador-PCID/cpu.v Line: 142
Warning (13012): Latch cpu:inst|stack_data_in_operations[6] has unsafe behavior File: C:/Users/vini9/Processador-PCID/cpu.v Line: 164
    Warning (13013): Ports D and ENA on the latch are fed by the same signal cpu:inst|state.DECODE File: C:/Users/vini9/Processador-PCID/cpu.v Line: 142
Warning (13012): Latch cpu:inst|stack_data_in_operations[7] has unsafe behavior File: C:/Users/vini9/Processador-PCID/cpu.v Line: 164
    Warning (13013): Ports D and ENA on the latch are fed by the same signal cpu:inst|state.DECODE File: C:/Users/vini9/Processador-PCID/cpu.v Line: 142
Warning (13012): Latch cpu:inst|stack_data_in_operations[8] has unsafe behavior File: C:/Users/vini9/Processador-PCID/cpu.v Line: 164
    Warning (13013): Ports D and ENA on the latch are fed by the same signal cpu:inst|state.DECODE File: C:/Users/vini9/Processador-PCID/cpu.v Line: 142
Warning (13012): Latch cpu:inst|stack_data_in_operations[9] has unsafe behavior File: C:/Users/vini9/Processador-PCID/cpu.v Line: 164
    Warning (13013): Ports D and ENA on the latch are fed by the same signal cpu:inst|state.DECODE File: C:/Users/vini9/Processador-PCID/cpu.v Line: 142
Warning (13012): Latch cpu:inst|stack_data_in_operations[10] has unsafe behavior File: C:/Users/vini9/Processador-PCID/cpu.v Line: 164
    Warning (13013): Ports D and ENA on the latch are fed by the same signal cpu:inst|state.DECODE File: C:/Users/vini9/Processador-PCID/cpu.v Line: 142
Warning (13012): Latch cpu:inst|stack_data_in_operations[11] has unsafe behavior File: C:/Users/vini9/Processador-PCID/cpu.v Line: 164
    Warning (13013): Ports D and ENA on the latch are fed by the same signal cpu:inst|state.DECODE File: C:/Users/vini9/Processador-PCID/cpu.v Line: 142
Warning (13012): Latch cpu:inst|stack_data_in_operations[12] has unsafe behavior File: C:/Users/vini9/Processador-PCID/cpu.v Line: 164
    Warning (13013): Ports D and ENA on the latch are fed by the same signal cpu:inst|state.DECODE File: C:/Users/vini9/Processador-PCID/cpu.v Line: 142
Warning (13012): Latch cpu:inst|stack_data_in_operations[13] has unsafe behavior File: C:/Users/vini9/Processador-PCID/cpu.v Line: 164
    Warning (13013): Ports D and ENA on the latch are fed by the same signal cpu:inst|state.DECODE File: C:/Users/vini9/Processador-PCID/cpu.v Line: 142
Warning (13012): Latch cpu:inst|stack_data_in_operations[14] has unsafe behavior File: C:/Users/vini9/Processador-PCID/cpu.v Line: 164
    Warning (13013): Ports D and ENA on the latch are fed by the same signal cpu:inst|state.DECODE File: C:/Users/vini9/Processador-PCID/cpu.v Line: 142
Warning (13012): Latch cpu:inst|stack_data_in_operations[15] has unsafe behavior File: C:/Users/vini9/Processador-PCID/cpu.v Line: 164
    Warning (13013): Ports D and ENA on the latch are fed by the same signal cpu:inst|state.DECODE File: C:/Users/vini9/Processador-PCID/cpu.v Line: 142
Warning (13012): Latch cpu:inst|stack_push_subroutines has unsafe behavior File: C:/Users/vini9/Processador-PCID/cpu.v Line: 39
    Warning (13013): Ports D and ENA on the latch are fed by the same signal cpu:inst|state.DECODE File: C:/Users/vini9/Processador-PCID/cpu.v Line: 142
Warning (13012): Latch cpu:inst|stack_pop_subroutines has unsafe behavior File: C:/Users/vini9/Processador-PCID/cpu.v Line: 40
    Warning (13013): Ports D and ENA on the latch are fed by the same signal cpu:inst|state.DECODE File: C:/Users/vini9/Processador-PCID/cpu.v Line: 142
Warning (13012): Latch cpu:inst|stack_data_in_subroutines[4] has unsafe behavior File: C:/Users/vini9/Processador-PCID/cpu.v Line: 164
    Warning (13013): Ports D and ENA on the latch are fed by the same signal cpu:inst|state.DECODE File: C:/Users/vini9/Processador-PCID/cpu.v Line: 142
Warning (13012): Latch cpu:inst|stack_data_in_subroutines[3] has unsafe behavior File: C:/Users/vini9/Processador-PCID/cpu.v Line: 164
    Warning (13013): Ports D and ENA on the latch are fed by the same signal cpu:inst|state.DECODE File: C:/Users/vini9/Processador-PCID/cpu.v Line: 142
Warning (13012): Latch cpu:inst|stack_data_in_subroutines[2] has unsafe behavior File: C:/Users/vini9/Processador-PCID/cpu.v Line: 164
    Warning (13013): Ports D and ENA on the latch are fed by the same signal cpu:inst|state.DECODE File: C:/Users/vini9/Processador-PCID/cpu.v Line: 142
Warning (13012): Latch cpu:inst|stack_data_in_subroutines[1] has unsafe behavior File: C:/Users/vini9/Processador-PCID/cpu.v Line: 164
    Warning (13013): Ports D and ENA on the latch are fed by the same signal cpu:inst|state.DECODE File: C:/Users/vini9/Processador-PCID/cpu.v Line: 142
Warning (13012): Latch cpu:inst|stack_data_in_subroutines[0] has unsafe behavior File: C:/Users/vini9/Processador-PCID/cpu.v Line: 164
    Warning (13013): Ports D and ENA on the latch are fed by the same signal cpu:inst|state.DECODE File: C:/Users/vini9/Processador-PCID/cpu.v Line: 142
Warning (13024): Output pins are stuck at VCC or GND
    Warning (13410): Pin "read_data_enable" is stuck at VCC
    Warning (13410): Pin "memory_data_out[15]" is stuck at GND
    Warning (13410): Pin "memory_data_out[14]" is stuck at GND
    Warning (13410): Pin "memory_data_out[13]" is stuck at GND
    Warning (13410): Pin "memory_data_out[12]" is stuck at GND
    Warning (13410): Pin "memory_data_out[11]" is stuck at GND
    Warning (13410): Pin "memory_data_out[10]" is stuck at GND
    Warning (13410): Pin "memory_data_out[9]" is stuck at GND
    Warning (13410): Pin "memory_data_out[8]" is stuck at GND
    Warning (13410): Pin "memory_data_out[7]" is stuck at GND
    Warning (13410): Pin "memory_data_out[6]" is stuck at GND
    Warning (13410): Pin "memory_data_out[5]" is stuck at GND
    Warning (13410): Pin "memory_data_out[4]" is stuck at GND
    Warning (13410): Pin "memory_data_out[3]" is stuck at GND
    Warning (13410): Pin "memory_data_out[2]" is stuck at GND
    Warning (13410): Pin "memory_data_out[1]" is stuck at GND
    Warning (13410): Pin "memory_data_out[0]" is stuck at GND
Info (286030): Timing-Driven Synthesis is running
Info (17049): 7 registers lost all their fanouts during netlist optimizations.
Info (144001): Generated suppressed messages file C:/Users/vini9/Processador-PCID/Quartus-pcid/output_files/Processor.map.smsg
Info (16010): Generating hard_block partition "hard_block:auto_generated_inst"
    Info (16011): Adding 0 node(s), including 0 DDIO, 0 PLL, 0 transceiver and 0 LCELL
Info (21057): Implemented 748 device resources after synthesis - the final resource count might be different
    Info (21058): Implemented 34 input pins
    Info (21059): Implemented 28 output pins
    Info (21061): Implemented 686 logic cells
Info: Quartus Prime Analysis & Synthesis was successful. 0 errors, 96 warnings
    Info: Peak virtual memory: 4821 megabytes
    Info: Processing ended: Sun Dec 17 00:21:04 2023
    Info: Elapsed time: 00:00:16
    Info: Total CPU time (on all processors): 00:00:14


+------------------------------------------+
; Analysis & Synthesis Suppressed Messages ;
+------------------------------------------+
The suppressed messages can be found in C:/Users/vini9/Processador-PCID/Quartus-pcid/output_files/Processor.map.smsg.


